exports[`test Delete button renders correctly 1`] = `
<button
  className="DeleteButton"
  onClick={[Function]}>
  Â 
</button>
`;
